.next/types/validator.ts(60,39): error TS2307: Cannot find module '../../src/app/admin/analytics/page.js' or its corresponding type declarations.
.next/types/validator.ts(87,39): error TS2307: Cannot find module '../../src/app/admin/logistics/page.js' or its corresponding type declarations.
